> Task :app:preBuild UP-TO-DATE
> Task :app:preDebugBuild UP-TO-DATE
> Task :app:mergeDebugNativeDebugMetadata NO-SOURCE
> Task :app:checkKotlinGradlePluginConfigurationErrors SKIPPED
> Task :app:checkDebugAarMetadata UP-TO-DATE
> Task :app:processDebugNavigationResources UP-TO-DATE
> Task :app:compileDebugNavigationResources UP-TO-DATE
> Task :app:generateDebugResValues UP-TO-DATE
> Task :app:processDebugGoogleServices UP-TO-DATE
> Task :app:mapDebugSourceSetPaths UP-TO-DATE
> Task :app:generateDebugResources UP-TO-DATE
> Task :app:mergeDebugResources UP-TO-DATE
> Task :app:packageDebugResources UP-TO-DATE
> Task :app:parseDebugLocalResources UP-TO-DATE
> Task :app:createDebugCompatibleScreenManifests UP-TO-DATE
> Task :app:extractDeepLinksDebug UP-TO-DATE
> Task :app:processDebugMainManifest UP-TO-DATE
> Task :app:processDebugManifest UP-TO-DATE
> Task :app:processDebugManifestForPackage UP-TO-DATE
> Task :app:processDebugResources UP-TO-DATE
> Task :app:javaPreCompileDebug UP-TO-DATE
> Task :app:mergeDebugShaders UP-TO-DATE
> Task :app:compileDebugShaders NO-SOURCE
> Task :app:generateDebugAssets UP-TO-DATE
> Task :app:mergeDebugAssets UP-TO-DATE
> Task :app:compressDebugAssets UP-TO-DATE
> Task :app:checkDebugDuplicateClasses UP-TO-DATE
> Task :app:desugarDebugFileDependencies UP-TO-DATE
> Task :app:mergeExtDexDebug UP-TO-DATE
> Task :app:mergeLibDexDebug UP-TO-DATE
> Task :app:mergeDebugJniLibFolders UP-TO-DATE
> Task :app:mergeDebugNativeLibs UP-TO-DATE
> Task :app:stripDebugDebugSymbols UP-TO-DATE
> Task :app:validateSigningDebug UP-TO-DATE
> Task :app:writeDebugAppMetadata UP-TO-DATE
> Task :app:writeDebugSigningConfigVersions UP-TO-DATE

> Task :app:compileDebugKotlin FAILED
e: file:///C:/Users/ADMIN/Desktop/FPT_Study/PRN232-Project/PRN232-Mobile/app/src/main/java/com/example/scamazon_frontend/data/models/order/OrderDTOs.kt:7:12 Redeclaration:
data class CreateOrderRequest : Any
e: file:///C:/Users/ADMIN/Desktop/FPT_Study/PRN232-Project/PRN232-Mobile/app/src/main/java/com/example/scamazon_frontend/data/models/order/OrderModels.kt:3:12 Redeclaration:
data class CreateOrderRequest : Any
e: file:///C:/Users/ADMIN/Desktop/FPT_Study/PRN232-Project/PRN232-Mobile/app/src/main/java/com/example/scamazon_frontend/ui/screens/checkout/CheckoutViewModel.kt:124:35 Unresolved reference 'ValidateCheckoutRequest'.
e: file:///C:/Users/ADMIN/Desktop/FPT_Study/PRN232-Project/PRN232-Mobile/app/src/main/java/com/example/scamazon_frontend/ui/screens/checkout/CheckoutViewModel.kt:141:17 No parameter with name 'customerName' found.
e: file:///C:/Users/ADMIN/Desktop/FPT_Study/PRN232-Project/PRN232-Mobile/app/src/main/java/com/example/scamazon_frontend/ui/screens/checkout/CheckoutViewModel.kt:142:17 No parameter with name 'customerPhone' found.
e: file:///C:/Users/ADMIN/Desktop/FPT_Study/PRN232-Project/PRN232-Mobile/app/src/main/java/com/example/scamazon_frontend/ui/screens/checkout/CheckoutViewModel.kt:143:17 No parameter with name 'orderAddress' found.
e: file:///C:/Users/ADMIN/Desktop/FPT_Study/PRN232-Project/PRN232-Mobile/app/src/main/java/com/example/scamazon_frontend/ui/screens/checkout/CheckoutViewModel.kt:144:17 No parameter with name 'couponCode' found.
e: file:///C:/Users/ADMIN/Desktop/FPT_Study/PRN232-Project/PRN232-Mobile/app/src/main/java/com/example/scamazon_frontend/ui/screens/checkout/CheckoutViewModel.kt:145:17 No parameter with name 'orderNote' found.
e: file:///C:/Users/ADMIN/Desktop/FPT_Study/PRN232-Project/PRN232-Mobile/app/src/main/java/com/example/scamazon_frontend/ui/screens/checkout/CheckoutViewModel.kt:145:17 No value passed for parameter 'shippingName'.
e: file:///C:/Users/ADMIN/Desktop/FPT_Study/PRN232-Project/PRN232-Mobile/app/src/main/java/com/example/scamazon_frontend/ui/screens/checkout/CheckoutViewModel.kt:145:17 No value passed for parameter 'shippingPhone'.
e: file:///C:/Users/ADMIN/Desktop/FPT_Study/PRN232-Project/PRN232-Mobile/app/src/main/java/com/example/scamazon_frontend/ui/screens/checkout/CheckoutViewModel.kt:145:17 No value passed for parameter 'shippingAddress'.
e: file:///C:/Users/ADMIN/Desktop/FPT_Study/PRN232-Project/PRN232-Mobile/app/src/main/java/com/example/scamazon_frontend/ui/screens/order/OrderHistoryViewModel.kt:33:44 No value passed for parameter 'status'.
e: file:///C:/Users/ADMIN/Desktop/FPT_Study/PRN232-Project/PRN232-Mobile/app/src/main/java/com/example/scamazon_frontend/ui/screens/order/OrderHistoryViewModel.kt:33:44 No value passed for parameter 'paymentStatus'.
e: file:///C:/Users/ADMIN/Desktop/FPT_Study/PRN232-Project/PRN232-Mobile/app/src/main/java/com/example/scamazon_frontend/ui/screens/order/OrderHistoryViewModel.kt:33:44 No value passed for parameter 'search'.
e: file:///C:/Users/ADMIN/Desktop/FPT_Study/PRN232-Project/PRN232-Mobile/app/src/main/java/com/example/scamazon_frontend/ui/screens/order/OrderHistoryViewModel.kt:34:54 Argument type mismatch: actual type is 'com.example.scamazon_frontend.data.models.order.OrderFilterRequest', but 'kotlin.String?' was expected.
e: file:///C:/Users/ADMIN/Desktop/FPT_Study/PRN232-Project/PRN232-Mobile/app/src/main/java/com/example/scamazon_frontend/ui/screens/order/OrderHistoryViewModel.kt:52:58 Argument type mismatch: actual type is 'com.example.scamazon_frontend.data.models.order.CancelOrderRequest', but 'kotlin.String' was expected.

FAILURE: Build failed with an exception.

* What went wrong:
Execution failed for task ':app:compileDebugKotlin'.
> A failure occurred while executing org.jetbrains.kotlin.compilerRunner.GradleCompilerRunnerWithWorkers$GradleKotlinCompilerWorkAction
   > Compilation error. See log for more details

* Try:
> Run with --stacktrace option to get the stack trace.
> Run with --info or --debug option to get more log output.
> Run with --scan to get full insights.
> Get more help at https://help.gradle.org.

BUILD FAILED in 3s
31 actionable tasks: 1 executed, 30 up-to-date
